// Jest Snapshot v1, https://goo.gl/fbAQLP

exports[`shallow renders App 1`] = `
<div
  className="App"
>
  <RentalsPage />
</div>
`;
